INFO GCInspector.java:284 - G1 Young Generation GC in 210ms.
INFO GCInspector.java:284 - G1 Young Generation GC in 253ms.
INFO GCInspector.java:284 - G1 Young Generation GC in 205ms.
INFO GCInspector.java:284 - G1 Young Generation GC in 247ms.
INFO GCInspector.java:284 - G1 Young Generation GC in 239ms.
INFO GCInspector.java:284 - G1 Young Generation GC in 241ms.
INFO GCInspector.java:284 - G1 Young Generation GC in 215ms.
INFO GCInspector.java:284 - G1 Young Generation GC in 242ms.
INFO GCInspector.java:284 - G1 Young Generation GC in 201ms.
INFO GCInspector.java:284 - G1 Young Generation GC in 240ms.
INFO GCInspector.java:284 - G1 Young Generation GC in 210ms.
INFO GCInspector.java:284 - G1 Young Generation GC in 224ms.
INFO GCInspector.java:284 - G1 Young Generation GC in 249ms.
INFO GCInspector.java:284 - G1 Young Generation GC in 236ms.
INFO GCInspector.java:284 - G1 Young Generation GC in 236ms.
INFO GCInspector.java:284 - G1 Young Generation GC in 329ms.
INFO GCInspector.java:284 - G1 Young Generation GC in 319ms.
INFO GCInspector.java:284 - G1 Young Generation GC in 212ms.
INFO GCInspector.java:284 - G1 Young Generation GC in 244ms.
INFO GCInspector.java:284 - G1 Young Generation GC in 291ms.
INFO GCInspector.java:284 - G1 Young Generation GC in 233ms.
INFO GCInspector.java:284 - G1 Young Generation GC in 227ms.
INFO GCInspector.java:284 - G1 Young Generation GC in 287ms.
INFO GCInspector.java:284 - G1 Young Generation GC in 246ms.
INFO GCInspector.java:284 - G1 Young Generation GC in 227ms.
INFO GCInspector.java:284 - G1 Young Generation GC in 240ms.
INFO GCInspector.java:284 - G1 Young Generation GC in 227ms.
INFO GCInspector.java:284 - G1 Young Generation GC in 250ms.
INFO GCInspector.java:284 - G1 Young Generation GC in 212ms.
INFO GCInspector.java:284 - G1 Young Generation GC in 211ms.
INFO GCInspector.java:284 - G1 Young Generation GC in 255ms.
INFO GCInspector.java:284 - G1 Young Generation GC in 221ms.
INFO GCInspector.java:284 - G1 Young Generation GC in 232ms.
INFO GCInspector.java:284 - G1 Young Generation GC in 258ms.
INFO GCInspector.java:284 - G1 Young Generation GC in 245ms.
INFO GCInspector.java:284 - G1 Young Generation GC in 225ms.
INFO GCInspector.java:284 - G1 Young Generation GC in 250ms.
INFO GCInspector.java:284 - G1 Young Generation GC in 246ms.
INFO GCInspector.java:284 - G1 Young Generation GC in 236ms.
INFO GCInspector.java:284 - G1 Young Generation GC in 234ms.
INFO GCInspector.java:284 - G1 Young Generation GC in 220ms.
INFO GCInspector.java:284 - G1 Young Generation GC in 368ms.
INFO GCInspector.java:284 - G1 Young Generation GC in 285ms.
INFO GCInspector.java:284 - G1 Young Generation GC in 212ms.
INFO GCInspector.java:284 - G1 Young Generation GC in 292ms.
INFO GCInspector.java:284 - G1 Young Generation GC in 240ms.
INFO GCInspector.java:284 - G1 Young Generation GC in 245ms.
INFO GCInspector.java:284 - G1 Young Generation GC in 209ms.
INFO GCInspector.java:284 - G1 Young Generation GC in 213ms.
INFO GCInspector.java:284 - G1 Young Generation GC in 265ms.
INFO GCInspector.java:284 - G1 Young Generation GC in 208ms.
INFO GCInspector.java:284 - G1 Young Generation GC in 224ms.
INFO GCInspector.java:284 - G1 Young Generation GC in 408ms.
INFO GCInspector.java:284 - G1 Young Generation GC in 205ms.
INFO GCInspector.java:284 - G1 Young Generation GC in 230ms.
INFO GCInspector.java:284 - G1 Young Generation GC in 246ms.
INFO GCInspector.java:284 - G1 Young Generation GC in 286ms.
INFO GCInspector.java:284 - G1 Young Generation GC in 252ms.
INFO GCInspector.java:284 - G1 Young Generation GC in 261ms.
INFO GCInspector.java:284 - G1 Young Generation GC in 296ms.
INFO GCInspector.java:284 - G1 Young Generation GC in 277ms.
INFO GCInspector.java:284 - G1 Young Generation GC in 237ms.
INFO GCInspector.java:284 - G1 Young Generation GC in 288ms.
INFO GCInspector.java:284 - G1 Young Generation GC in 214ms.
INFO GCInspector.java:284 - G1 Young Generation GC in 229ms.
INFO GCInspector.java:284 - G1 Young Generation GC in 221ms.
INFO GCInspector.java:284 - G1 Young Generation GC in 225ms.
INFO GCInspector.java:284 - G1 Young Generation GC in 216ms.
INFO GCInspector.java:284 - G1 Young Generation GC in 368ms.
INFO GCInspector.java:284 - G1 Young Generation GC in 372ms.
INFO GCInspector.java:284 - G1 Young Generation GC in 284ms.
INFO GCInspector.java:284 - G1 Young Generation GC in 316ms.
INFO GCInspector.java:284 - G1 Young Generation GC in 233ms.
INFO GCInspector.java:284 - G1 Young Generation GC in 234ms.
INFO GCInspector.java:284 - G1 Young Generation GC in 276ms.
INFO GCInspector.java:284 - G1 Young Generation GC in 286ms.
INFO GCInspector.java:284 - G1 Young Generation GC in 257ms.
INFO GCInspector.java:284 - G1 Young Generation GC in 232ms.
INFO GCInspector.java:284 - G1 Young Generation GC in 274ms.
INFO GCInspector.java:284 - G1 Young Generation GC in 269ms.
INFO GCInspector.java:284 - G1 Young Generation GC in 248ms.
INFO GCInspector.java:284 - G1 Young Generation GC in 269ms.
INFO GCInspector.java:284 - G1 Young Generation GC in 213ms.
INFO GCInspector.java:284 - G1 Young Generation GC in 269ms.
INFO GCInspector.java:284 - G1 Young Generation GC in 415ms.
INFO GCInspector.java:284 - G1 Young Generation GC in 277ms.
INFO GCInspector.java:284 - G1 Young Generation GC in 350ms.
INFO GCInspector.java:284 - G1 Young Generation GC in 305ms.
INFO GCInspector.java:284 - G1 Young Generation GC in 210ms.
INFO GCInspector.java:284 - G1 Young Generation GC in 218ms.
INFO GCInspector.java:284 - G1 Young Generation GC in 205ms.
INFO GCInspector.java:284 - G1 Young Generation GC in 234ms.
INFO GCInspector.java:284 - G1 Young Generation GC in 270ms.
INFO GCInspector.java:284 - G1 Young Generation GC in 230ms.
INFO GCInspector.java:284 - G1 Young Generation GC in 235ms.
INFO GCInspector.java:284 - G1 Young Generation GC in 223ms.
INFO GCInspector.java:284 - G1 Young Generation GC in 214ms.
INFO GCInspector.java:284 - G1 Young Generation GC in 229ms.
INFO GCInspector.java:284 - G1 Young Generation GC in 239ms.
INFO GCInspector.java:284 - G1 Young Generation GC in 250ms.
INFO GCInspector.java:284 - G1 Young Generation GC in 205ms.
INFO GCInspector.java:284 - G1 Young Generation GC in 206ms.
INFO GCInspector.java:284 - G1 Young Generation GC in 223ms.
INFO GCInspector.java:284 - G1 Young Generation GC in 275ms.
INFO GCInspector.java:284 - G1 Young Generation GC in 291ms.
INFO GCInspector.java:284 - G1 Young Generation GC in 290ms.
INFO GCInspector.java:284 - G1 Young Generation GC in 376ms.
INFO GCInspector.java:284 - G1 Young Generation GC in 375ms.
INFO GCInspector.java:284 - G1 Young Generation GC in 221ms.
INFO GCInspector.java:284 - G1 Young Generation GC in 297ms.
INFO GCInspector.java:284 - G1 Young Generation GC in 305ms.
INFO GCInspector.java:284 - G1 Young Generation GC in 222ms.
INFO GCInspector.java:284 - G1 Young Generation GC in 213ms.
INFO GCInspector.java:284 - G1 Young Generation GC in 284ms.
INFO GCInspector.java:284 - G1 Young Generation GC in 254ms.
INFO GCInspector.java:284 - G1 Young Generation GC in 215ms.
INFO GCInspector.java:284 - G1 Young Generation GC in 219ms.
INFO GCInspector.java:284 - G1 Young Generation GC in 242ms.
INFO GCInspector.java:284 - G1 Young Generation GC in 211ms.
INFO GCInspector.java:284 - G1 Young Generation GC in 231ms.
INFO GCInspector.java:284 - G1 Young Generation GC in 239ms.
INFO GCInspector.java:284 - G1 Young Generation GC in 203ms.
INFO GCInspector.java:284 - G1 Young Generation GC in 243ms.
INFO GCInspector.java:284 - G1 Young Generation GC in 261ms.
INFO GCInspector.java:284 - G1 Young Generation GC in 295ms.
INFO GCInspector.java:284 - G1 Young Generation GC in 236ms.
INFO GCInspector.java:284 - G1 Young Generation GC in 245ms.
INFO GCInspector.java:284 - G1 Young Generation GC in 245ms.
INFO GCInspector.java:284 - G1 Young Generation GC in 276ms.
INFO GCInspector.java:284 - G1 Young Generation GC in 211ms.
INFO GCInspector.java:284 - G1 Young Generation GC in 207ms.
INFO GCInspector.java:284 - G1 Young Generation GC in 239ms.
INFO GCInspector.java:284 - G1 Young Generation GC in 258ms.
INFO GCInspector.java:284 - G1 Young Generation GC in 217ms.
INFO GCInspector.java:284 - G1 Young Generation GC in 253ms.
INFO GCInspector.java:284 - G1 Young Generation GC in 219ms.
INFO GCInspector.java:284 - G1 Young Generation GC in 210ms.
INFO GCInspector.java:284 - G1 Young Generation GC in 227ms.
INFO GCInspector.java:284 - G1 Young Generation GC in 240ms.
INFO GCInspector.java:284 - G1 Young Generation GC in 228ms.
INFO GCInspector.java:284 - G1 Young Generation GC in 233ms.
INFO GCInspector.java:284 - G1 Young Generation GC in 232ms.
INFO GCInspector.java:284 - G1 Young Generation GC in 258ms.
INFO GCInspector.java:284 - G1 Young Generation GC in 210ms.
INFO GCInspector.java:284 - G1 Young Generation GC in 307ms.
INFO GCInspector.java:284 - G1 Young Generation GC in 315ms.
INFO GCInspector.java:284 - G1 Young Generation GC in 294ms.
INFO GCInspector.java:284 - G1 Young Generation GC in 302ms.
INFO GCInspector.java:284 - G1 Young Generation GC in 239ms.
INFO GCInspector.java:284 - G1 Young Generation GC in 220ms.
INFO GCInspector.java:284 - G1 Young Generation GC in 242ms.
INFO GCInspector.java:284 - G1 Young Generation GC in 234ms.
INFO GCInspector.java:284 - G1 Young Generation GC in 346ms.
INFO GCInspector.java:284 - G1 Young Generation GC in 257ms.
INFO GCInspector.java:284 - G1 Young Generation GC in 231ms.
INFO GCInspector.java:284 - G1 Young Generation GC in 223ms.
INFO GCInspector.java:284 - G1 Young Generation GC in 209ms.
INFO GCInspector.java:284 - G1 Young Generation GC in 265ms.
INFO GCInspector.java:284 - G1 Young Generation GC in 231ms.
INFO GCInspector.java:284 - G1 Young Generation GC in 278ms.
INFO GCInspector.java:284 - G1 Young Generation GC in 272ms.
INFO GCInspector.java:284 - G1 Young Generation GC in 235ms.
INFO GCInspector.java:284 - G1 Young Generation GC in 320ms.
INFO GCInspector.java:284 - G1 Young Generation GC in 238ms.
INFO GCInspector.java:284 - G1 Young Generation GC in 378ms.
INFO GCInspector.java:284 - G1 Young Generation GC in 340ms.
INFO GCInspector.java:284 - G1 Young Generation GC in 212ms.
INFO GCInspector.java:284 - G1 Young Generation GC in 203ms.
INFO GCInspector.java:284 - G1 Young Generation GC in 208ms.
INFO GCInspector.java:284 - G1 Young Generation GC in 223ms.
INFO GCInspector.java:284 - G1 Young Generation GC in 233ms.
INFO GCInspector.java:284 - G1 Young Generation GC in 255ms.
INFO GCInspector.java:284 - G1 Young Generation GC in 227ms.
INFO GCInspector.java:284 - G1 Young Generation GC in 241ms.
INFO GCInspector.java:284 - G1 Young Generation GC in 221ms.
INFO GCInspector.java:284 - G1 Young Generation GC in 233ms.
INFO GCInspector.java:284 - G1 Young Generation GC in 262ms.
INFO GCInspector.java:284 - G1 Young Generation GC in 216ms.
INFO GCInspector.java:284 - G1 Young Generation GC in 211ms.
INFO GCInspector.java:284 - G1 Young Generation GC in 240ms.
INFO GCInspector.java:284 - G1 Young Generation GC in 216ms.
INFO GCInspector.java:284 - G1 Young Generation GC in 220ms.
INFO GCInspector.java:284 - G1 Young Generation GC in 201ms.
INFO GCInspector.java:284 - G1 Young Generation GC in 215ms.
INFO GCInspector.java:284 - G1 Young Generation GC in 255ms.
INFO GCInspector.java:284 - G1 Young Generation GC in 230ms.
INFO GCInspector.java:284 - G1 Young Generation GC in 300ms.
INFO GCInspector.java:284 - G1 Young Generation GC in 237ms.
INFO GCInspector.java:284 - G1 Young Generation GC in 238ms.
INFO GCInspector.java:284 - G1 Young Generation GC in 215ms.
INFO GCInspector.java:284 - G1 Young Generation GC in 240ms.
INFO GCInspector.java:284 - G1 Young Generation GC in 214ms.
INFO GCInspector.java:284 - G1 Young Generation GC in 223ms.
INFO GCInspector.java:284 - G1 Young Generation GC in 288ms.
INFO GCInspector.java:284 - G1 Young Generation GC in 289ms.
INFO GCInspector.java:284 - G1 Young Generation GC in 267ms.
INFO GCInspector.java:284 - G1 Young Generation GC in 268ms.
INFO GCInspector.java:284 - G1 Young Generation GC in 231ms.
INFO GCInspector.java:284 - G1 Young Generation GC in 212ms.
INFO GCInspector.java:284 - G1 Young Generation GC in 229ms.
INFO GCInspector.java:284 - G1 Young Generation GC in 245ms.
INFO GCInspector.java:284 - G1 Young Generation GC in 293ms.
INFO GCInspector.java:284 - G1 Young Generation GC in 222ms.
INFO GCInspector.java:284 - G1 Young Generation GC in 217ms.
INFO GCInspector.java:284 - G1 Young Generation GC in 241ms.
INFO GCInspector.java:284 - G1 Young Generation GC in 214ms.
INFO GCInspector.java:284 - G1 Young Generation GC in 299ms.
INFO GCInspector.java:284 - G1 Young Generation GC in 294ms.
INFO GCInspector.java:284 - G1 Young Generation GC in 222ms.
INFO GCInspector.java:284 - G1 Young Generation GC in 271ms.
INFO GCInspector.java:284 - G1 Young Generation GC in 233ms.
INFO GCInspector.java:284 - G1 Young Generation GC in 216ms.
INFO GCInspector.java:284 - G1 Young Generation GC in 217ms.
INFO GCInspector.java:284 - G1 Young Generation GC in 232ms.
INFO GCInspector.java:284 - G1 Young Generation GC in 219ms.
INFO GCInspector.java:284 - G1 Young Generation GC in 207ms.
INFO GCInspector.java:284 - G1 Young Generation GC in 219ms.
INFO GCInspector.java:284 - G1 Young Generation GC in 229ms.
INFO GCInspector.java:284 - G1 Young Generation GC in 220ms.
INFO GCInspector.java:284 - G1 Young Generation GC in 220ms.
INFO GCInspector.java:284 - G1 Young Generation GC in 237ms.
INFO GCInspector.java:284 - G1 Young Generation GC in 262ms.
INFO GCInspector.java:284 - G1 Young Generation GC in 297ms.
INFO GCInspector.java:284 - G1 Young Generation GC in 235ms.
INFO GCInspector.java:284 - G1 Young Generation GC in 326ms.
INFO GCInspector.java:284 - G1 Young Generation GC in 269ms.
INFO GCInspector.java:284 - G1 Young Generation GC in 217ms.
INFO GCInspector.java:284 - G1 Young Generation GC in 209ms.
INFO GCInspector.java:284 - G1 Young Generation GC in 204ms.
INFO GCInspector.java:284 - G1 Young Generation GC in 239ms.
INFO GCInspector.java:284 - G1 Young Generation GC in 251ms.
INFO GCInspector.java:284 - G1 Young Generation GC in 269ms.
INFO GCInspector.java:284 - G1 Young Generation GC in 299ms.
INFO GCInspector.java:284 - G1 Young Generation GC in 281ms.
INFO GCInspector.java:284 - G1 Young Generation GC in 209ms.
INFO GCInspector.java:284 - G1 Young Generation GC in 271ms.
INFO GCInspector.java:284 - G1 Young Generation GC in 258ms.
INFO GCInspector.java:284 - G1 Young Generation GC in 221ms.
INFO GCInspector.java:284 - G1 Young Generation GC in 222ms.
INFO GCInspector.java:284 - G1 Young Generation GC in 248ms.
INFO GCInspector.java:284 - G1 Young Generation GC in 248ms.
INFO GCInspector.java:284 - G1 Young Generation GC in 205ms.
INFO GCInspector.java:284 - G1 Young Generation GC in 207ms.
INFO GCInspector.java:284 - G1 Young Generation GC in 208ms.
INFO GCInspector.java:284 - G1 Young Generation GC in 230ms.
INFO GCInspector.java:284 - G1 Young Generation GC in 210ms.
INFO GCInspector.java:284 - G1 Young Generation GC in 260ms.
INFO GCInspector.java:284 - G1 Young Generation GC in 246ms.
INFO GCInspector.java:284 - G1 Young Generation GC in 235ms.
INFO GCInspector.java:284 - G1 Young Generation GC in 219ms.
INFO GCInspector.java:284 - G1 Young Generation GC in 261ms.
INFO GCInspector.java:284 - G1 Young Generation GC in 250ms.
INFO GCInspector.java:284 - G1 Young Generation GC in 264ms.
INFO GCInspector.java:284 - G1 Young Generation GC in 238ms.
INFO GCInspector.java:284 - G1 Young Generation GC in 260ms.
INFO GCInspector.java:284 - G1 Young Generation GC in 205ms.
INFO GCInspector.java:284 - G1 Young Generation GC in 207ms.
INFO GCInspector.java:284 - G1 Young Generation GC in 208ms.
INFO GCInspector.java:284 - G1 Young Generation GC in 225ms.
INFO GCInspector.java:284 - G1 Young Generation GC in 278ms.
INFO GCInspector.java:284 - G1 Young Generation GC in 284ms.
INFO GCInspector.java:284 - G1 Young Generation GC in 292ms.
INFO GCInspector.java:284 - G1 Young Generation GC in 272ms.
INFO GCInspector.java:284 - G1 Young Generation GC in 213ms.
INFO GCInspector.java:284 - G1 Young Generation GC in 210ms.
INFO GCInspector.java:284 - G1 Young Generation GC in 211ms.
INFO GCInspector.java:284 - G1 Young Generation GC in 235ms.
INFO GCInspector.java:284 - G1 Young Generation GC in 201ms.
INFO GCInspector.java:284 - G1 Young Generation GC in 276ms.
INFO GCInspector.java:284 - G1 Young Generation GC in 243ms.
INFO GCInspector.java:284 - G1 Young Generation GC in 298ms.
INFO GCInspector.java:284 - G1 Young Generation GC in 268ms.
INFO GCInspector.java:284 - G1 Young Generation GC in 212ms.
INFO GCInspector.java:284 - G1 Young Generation GC in 236ms.
INFO GCInspector.java:284 - G1 Young Generation GC in 280ms.
INFO GCInspector.java:284 - G1 Young Generation GC in 238ms.
INFO GCInspector.java:284 - G1 Young Generation GC in 262ms.
INFO GCInspector.java:284 - G1 Young Generation GC in 263ms.
INFO GCInspector.java:284 - G1 Young Generation GC in 223ms.
INFO GCInspector.java:284 - G1 Young Generation GC in 224ms.
INFO GCInspector.java:284 - G1 Young Generation GC in 242ms.
INFO GCInspector.java:284 - G1 Young Generation GC in 234ms.
INFO GCInspector.java:284 - G1 Young Generation GC in 221ms.
INFO GCInspector.java:284 - G1 Young Generation GC in 274ms.
