INFO x . x . GCInspector.java:XXX - G1 Young Generation GC in 110ms.
INFO x . x . GCInspector.java:XXX - G1 Young Generation GC in 153ms.
INFO x . x . GCInspector.java:XXX - G1 Young Generation GC in 105ms.
INFO x . x . GCInspector.java:XXX - G1 Young Generation GC in 147ms.
INFO x . x . GCInspector.java:XXX - G1 Young Generation GC in 139ms.
INFO x . x . GCInspector.java:XXX - G1 Young Generation GC in 141ms.
INFO x . x . GCInspector.java:XXX - G1 Young Generation GC in 115ms.
INFO x . x . GCInspector.java:XXX - G1 Young Generation GC in 142ms.
INFO x . x . GCInspector.java:XXX - G1 Young Generation GC in 101ms.
INFO x . x . GCInspector.java:XXX - G1 Young Generation GC in 140ms.
INFO x . x . GCInspector.java:XXX - G1 Young Generation GC in 110ms.
INFO x . x . GCInspector.java:XXX - G1 Young Generation GC in 124ms.
INFO x . x . GCInspector.java:XXX - G1 Young Generation GC in 149ms.
INFO x . x . GCInspector.java:XXX - G1 Young Generation GC in 136ms.
INFO x . x . GCInspector.java:XXX - G1 Young Generation GC in 136ms.
INFO x . x . GCInspector.java:XXX - G1 Young Generation GC in 229ms.
INFO x . x . GCInspector.java:XXX - G1 Young Generation GC in 219ms.
INFO x . x . GCInspector.java:XXX - G1 Young Generation GC in 112ms.
INFO x . x . GCInspector.java:XXX - G1 Young Generation GC in 144ms.
INFO x . x . GCInspector.java:XXX - G1 Young Generation GC in 191ms.
INFO x . x . GCInspector.java:XXX - G1 Young Generation GC in 133ms.
INFO x . x . GCInspector.java:XXX - G1 Young Generation GC in 127ms.
INFO x . x . GCInspector.java:XXX - G1 Young Generation GC in 187ms.
INFO x . x . GCInspector.java:XXX - G1 Young Generation GC in 146ms.
INFO x . x . GCInspector.java:XXX - G1 Young Generation GC in 127ms.
INFO x . x . GCInspector.java:XXX - G1 Young Generation GC in 140ms.
INFO x . x . GCInspector.java:XXX - G1 Young Generation GC in 127ms.
INFO x . x . GCInspector.java:XXX - G1 Young Generation GC in 150ms.
INFO x . x . GCInspector.java:XXX - G1 Young Generation GC in 112ms.
INFO x . x . GCInspector.java:XXX - G1 Young Generation GC in 111ms.
INFO x . x . GCInspector.java:XXX - G1 Young Generation GC in 155ms.
INFO x . x . GCInspector.java:XXX - G1 Young Generation GC in 121ms.
INFO x . x . GCInspector.java:XXX - G1 Young Generation GC in 132ms.
INFO x . x . GCInspector.java:XXX - G1 Young Generation GC in 158ms.
INFO x . x . GCInspector.java:XXX - G1 Young Generation GC in 145ms.
INFO x . x . GCInspector.java:XXX - G1 Young Generation GC in 125ms.
INFO x . x . GCInspector.java:XXX - G1 Young Generation GC in 150ms.
INFO x . x . GCInspector.java:XXX - G1 Young Generation GC in 146ms.
INFO x . x . GCInspector.java:XXX - G1 Young Generation GC in 136ms.
INFO x . x . GCInspector.java:XXX - G1 Young Generation GC in 134ms.
INFO x . x . GCInspector.java:XXX - G1 Young Generation GC in 120ms.
INFO x . x . GCInspector.java:XXX - G1 Young Generation GC in 268ms.
INFO x . x . GCInspector.java:XXX - G1 Young Generation GC in 185ms.
INFO x . x . GCInspector.java:XXX - G1 Young Generation GC in 112ms.
INFO x . x . GCInspector.java:XXX - G1 Young Generation GC in 192ms.
INFO x . x . GCInspector.java:XXX - G1 Young Generation GC in 140ms.
INFO x . x . GCInspector.java:XXX - G1 Young Generation GC in 145ms.
INFO x . x . GCInspector.java:XXX - G1 Young Generation GC in 109ms.
INFO x . x . GCInspector.java:XXX - G1 Young Generation GC in 113ms.
INFO x . x . GCInspector.java:XXX - G1 Young Generation GC in 165ms.
INFO x . x . GCInspector.java:XXX - G1 Young Generation GC in 108ms.
INFO x . x . GCInspector.java:XXX - G1 Young Generation GC in 124ms.
INFO x . x . GCInspector.java:XXX - G1 Young Generation GC in 308ms.
INFO x . x . GCInspector.java:XXX - G1 Young Generation GC in 105ms.
INFO x . x . GCInspector.java:XXX - G1 Young Generation GC in 130ms.
INFO x . x . GCInspector.java:XXX - G1 Young Generation GC in 146ms.
INFO x . x . GCInspector.java:XXX - G1 Young Generation GC in 186ms.
INFO x . x . GCInspector.java:XXX - G1 Young Generation GC in 152ms.
INFO x . x . GCInspector.java:XXX - G1 Young Generation GC in 161ms.
INFO x . x . GCInspector.java:XXX - G1 Young Generation GC in 196ms.
INFO x . x . GCInspector.java:XXX - G1 Young Generation GC in 177ms.
INFO x . x . GCInspector.java:XXX - G1 Young Generation GC in 137ms.
INFO x . x . GCInspector.java:XXX - G1 Young Generation GC in 188ms.
INFO x . x . GCInspector.java:XXX - G1 Young Generation GC in 114ms.
INFO x . x . GCInspector.java:XXX - G1 Young Generation GC in 129ms.
INFO x . x . GCInspector.java:XXX - G1 Young Generation GC in 121ms.
INFO x . x . GCInspector.java:XXX - G1 Young Generation GC in 125ms.
INFO x . x . GCInspector.java:XXX - G1 Young Generation GC in 116ms.
INFO x . x . GCInspector.java:XXX - G1 Young Generation GC in 268ms.
INFO x . x . GCInspector.java:XXX - G1 Young Generation GC in 272ms.
INFO x . x . GCInspector.java:XXX - G1 Young Generation GC in 184ms.
INFO x . x . GCInspector.java:XXX - G1 Young Generation GC in 216ms.
INFO x . x . GCInspector.java:XXX - G1 Young Generation GC in 133ms.
INFO x . x . GCInspector.java:XXX - G1 Young Generation GC in 134ms.
INFO x . x . GCInspector.java:XXX - G1 Young Generation GC in 176ms.
INFO x . x . GCInspector.java:XXX - G1 Young Generation GC in 186ms.
INFO x . x . GCInspector.java:XXX - G1 Young Generation GC in 157ms.
INFO x . x . GCInspector.java:XXX - G1 Young Generation GC in 132ms.
INFO x . x . GCInspector.java:XXX - G1 Young Generation GC in 174ms.
INFO x . x . GCInspector.java:XXX - G1 Young Generation GC in 169ms.
INFO x . x . GCInspector.java:XXX - G1 Young Generation GC in 148ms.
INFO x . x . GCInspector.java:XXX - G1 Young Generation GC in 169ms.
INFO x . x . GCInspector.java:XXX - G1 Young Generation GC in 113ms.
INFO x . x . GCInspector.java:XXX - G1 Young Generation GC in 169ms.
INFO x . x . GCInspector.java:XXX - G1 Young Generation GC in 315ms.
INFO x . x . GCInspector.java:XXX - G1 Young Generation GC in 177ms.
INFO x . x . GCInspector.java:XXX - G1 Young Generation GC in 250ms.
INFO x . x . GCInspector.java:XXX - G1 Young Generation GC in 205ms.
INFO x . x . GCInspector.java:XXX - G1 Young Generation GC in 110ms.
INFO x . x . GCInspector.java:XXX - G1 Young Generation GC in 118ms.
INFO x . x . GCInspector.java:XXX - G1 Young Generation GC in 105ms.
INFO x . x . GCInspector.java:XXX - G1 Young Generation GC in 134ms.
INFO x . x . GCInspector.java:XXX - G1 Young Generation GC in 170ms.
INFO x . x . GCInspector.java:XXX - G1 Young Generation GC in 130ms.
INFO x . x . GCInspector.java:XXX - G1 Young Generation GC in 135ms.
INFO x . x . GCInspector.java:XXX - G1 Young Generation GC in 123ms.
INFO x . x . GCInspector.java:XXX - G1 Young Generation GC in 114ms.
INFO x . x . GCInspector.java:XXX - G1 Young Generation GC in 129ms.
INFO x . x . GCInspector.java:XXX - G1 Young Generation GC in 139ms.
INFO x . x . GCInspector.java:XXX - G1 Young Generation GC in 150ms.
INFO x . x . GCInspector.java:XXX - G1 Young Generation GC in 105ms.
INFO x . x . GCInspector.java:XXX - G1 Young Generation GC in 106ms.
INFO x . x . GCInspector.java:XXX - G1 Young Generation GC in 123ms.
INFO x . x . GCInspector.java:XXX - G1 Young Generation GC in 175ms.
INFO x . x . GCInspector.java:XXX - G1 Young Generation GC in 191ms.
INFO x . x . GCInspector.java:XXX - G1 Young Generation GC in 190ms.
INFO x . x . GCInspector.java:XXX - G1 Young Generation GC in 276ms.
INFO x . x . GCInspector.java:XXX - G1 Young Generation GC in 275ms.
INFO x . x . GCInspector.java:XXX - G1 Young Generation GC in 121ms.
INFO x . x . GCInspector.java:XXX - G1 Young Generation GC in 197ms.
INFO x . x . GCInspector.java:XXX - G1 Young Generation GC in 205ms.
INFO x . x . GCInspector.java:XXX - G1 Young Generation GC in 122ms.
INFO x . x . GCInspector.java:XXX - G1 Young Generation GC in 113ms.
INFO x . x . GCInspector.java:XXX - G1 Young Generation GC in 184ms.
INFO x . x . GCInspector.java:XXX - G1 Young Generation GC in 154ms.
INFO x . x . GCInspector.java:XXX - G1 Young Generation GC in 115ms.
INFO x . x . GCInspector.java:XXX - G1 Young Generation GC in 119ms.
INFO x . x . GCInspector.java:XXX - G1 Young Generation GC in 142ms.
INFO x . x . GCInspector.java:XXX - G1 Young Generation GC in 111ms.
INFO x . x . GCInspector.java:XXX - G1 Young Generation GC in 131ms.
INFO x . x . GCInspector.java:XXX - G1 Young Generation GC in 139ms.
INFO x . x . GCInspector.java:XXX - G1 Young Generation GC in 103ms.
INFO x . x . GCInspector.java:XXX - G1 Young Generation GC in 143ms.
INFO x . x . GCInspector.java:XXX - G1 Young Generation GC in 161ms.
INFO x . x . GCInspector.java:XXX - G1 Young Generation GC in 195ms.
INFO x . x . GCInspector.java:XXX - G1 Young Generation GC in 136ms.
INFO x . x . GCInspector.java:XXX - G1 Young Generation GC in 145ms.
INFO x . x . GCInspector.java:XXX - G1 Young Generation GC in 145ms.
INFO x . x . GCInspector.java:XXX - G1 Young Generation GC in 176ms.
INFO x . x . GCInspector.java:XXX - G1 Young Generation GC in 111ms.
INFO x . x . GCInspector.java:XXX - G1 Young Generation GC in 107ms.
INFO x . x . GCInspector.java:XXX - G1 Young Generation GC in 139ms.
INFO x . x . GCInspector.java:XXX - G1 Young Generation GC in 158ms.
INFO x . x . GCInspector.java:XXX - G1 Young Generation GC in 117ms.
INFO x . x . GCInspector.java:XXX - G1 Young Generation GC in 153ms.
INFO x . x . GCInspector.java:XXX - G1 Young Generation GC in 119ms.
INFO x . x . GCInspector.java:XXX - G1 Young Generation GC in 110ms.
INFO x . x . GCInspector.java:XXX - G1 Young Generation GC in 127ms.
INFO x . x . GCInspector.java:XXX - G1 Young Generation GC in 140ms.
INFO x . x . GCInspector.java:XXX - G1 Young Generation GC in 128ms.
INFO x . x . GCInspector.java:XXX - G1 Young Generation GC in 133ms.
INFO x . x . GCInspector.java:XXX - G1 Young Generation GC in 132ms.
INFO x . x . GCInspector.java:XXX - G1 Young Generation GC in 158ms.
INFO x . x . GCInspector.java:XXX - G1 Young Generation GC in 110ms.
INFO x . x . GCInspector.java:XXX - G1 Young Generation GC in 207ms.
INFO x . x . GCInspector.java:XXX - G1 Young Generation GC in 215ms.
INFO x . x . GCInspector.java:XXX - G1 Young Generation GC in 194ms.
INFO x . x . GCInspector.java:XXX - G1 Young Generation GC in 202ms.
INFO x . x . GCInspector.java:XXX - G1 Young Generation GC in 139ms.
INFO x . x . GCInspector.java:XXX - G1 Young Generation GC in 120ms.
INFO x . x . GCInspector.java:XXX - G1 Young Generation GC in 142ms.
INFO x . x . GCInspector.java:XXX - G1 Young Generation GC in 134ms.
INFO x . x . GCInspector.java:XXX - G1 Young Generation GC in 246ms.
INFO x . x . GCInspector.java:XXX - G1 Young Generation GC in 157ms.
INFO x . x . GCInspector.java:XXX - G1 Young Generation GC in 131ms.
INFO x . x . GCInspector.java:XXX - G1 Young Generation GC in 123ms.
INFO x . x . GCInspector.java:XXX - G1 Young Generation GC in 109ms.
INFO x . x . GCInspector.java:XXX - G1 Young Generation GC in 165ms.
INFO x . x . GCInspector.java:XXX - G1 Young Generation GC in 131ms.
INFO x . x . GCInspector.java:XXX - G1 Young Generation GC in 178ms.
INFO x . x . GCInspector.java:XXX - G1 Young Generation GC in 172ms.
INFO x . x . GCInspector.java:XXX - G1 Young Generation GC in 135ms.
INFO x . x . GCInspector.java:XXX - G1 Young Generation GC in 220ms.
INFO x . x . GCInspector.java:XXX - G1 Young Generation GC in 138ms.
INFO x . x . GCInspector.java:XXX - G1 Young Generation GC in 278ms.
INFO x . x . GCInspector.java:XXX - G1 Young Generation GC in 240ms.
INFO x . x . GCInspector.java:XXX - G1 Young Generation GC in 112ms.
INFO x . x . GCInspector.java:XXX - G1 Young Generation GC in 103ms.
INFO x . x . GCInspector.java:XXX - G1 Young Generation GC in 108ms.
INFO x . x . GCInspector.java:XXX - G1 Young Generation GC in 123ms.
INFO x . x . GCInspector.java:XXX - G1 Young Generation GC in 133ms.
INFO x . x . GCInspector.java:XXX - G1 Young Generation GC in 155ms.
INFO x . x . GCInspector.java:XXX - G1 Young Generation GC in 127ms.
INFO x . x . GCInspector.java:XXX - G1 Young Generation GC in 141ms.
INFO x . x . GCInspector.java:XXX - G1 Young Generation GC in 121ms.
INFO x . x . GCInspector.java:XXX - G1 Young Generation GC in 133ms.
INFO x . x . GCInspector.java:XXX - G1 Young Generation GC in 162ms.
INFO x . x . GCInspector.java:XXX - G1 Young Generation GC in 116ms.
INFO x . x . GCInspector.java:XXX - G1 Young Generation GC in 111ms.
INFO x . x . GCInspector.java:XXX - G1 Young Generation GC in 140ms.
INFO x . x . GCInspector.java:XXX - G1 Young Generation GC in 116ms.
INFO x . x . GCInspector.java:XXX - G1 Young Generation GC in 120ms.
INFO x . x . GCInspector.java:XXX - G1 Young Generation GC in 101ms.
INFO x . x . GCInspector.java:XXX - G1 Young Generation GC in 115ms.
INFO x . x . GCInspector.java:XXX - G1 Young Generation GC in 155ms.
INFO x . x . GCInspector.java:XXX - G1 Young Generation GC in 130ms.
INFO x . x . GCInspector.java:XXX - G1 Young Generation GC in 200ms.
INFO x . x . GCInspector.java:XXX - G1 Young Generation GC in 137ms.
INFO x . x . GCInspector.java:XXX - G1 Young Generation GC in 138ms.
INFO x . x . GCInspector.java:XXX - G1 Young Generation GC in 115ms.
INFO x . x . GCInspector.java:XXX - G1 Young Generation GC in 140ms.
INFO x . x . GCInspector.java:XXX - G1 Young Generation GC in 114ms.
INFO x . x . GCInspector.java:XXX - G1 Young Generation GC in 123ms.
INFO x . x . GCInspector.java:XXX - G1 Young Generation GC in 188ms.
INFO x . x . GCInspector.java:XXX - G1 Young Generation GC in 189ms.
INFO x . x . GCInspector.java:XXX - G1 Young Generation GC in 167ms.
INFO x . x . GCInspector.java:XXX - G1 Young Generation GC in 168ms.
INFO x . x . GCInspector.java:XXX - G1 Young Generation GC in 131ms.
INFO x . x . GCInspector.java:XXX - G1 Young Generation GC in 112ms.
INFO x . x . GCInspector.java:XXX - G1 Young Generation GC in 129ms.
INFO x . x . GCInspector.java:XXX - G1 Young Generation GC in 145ms.
INFO x . x . GCInspector.java:XXX - G1 Young Generation GC in 193ms.
INFO x . x . GCInspector.java:XXX - G1 Young Generation GC in 122ms.
INFO x . x . GCInspector.java:XXX - G1 Young Generation GC in 117ms.
INFO x . x . GCInspector.java:XXX - G1 Young Generation GC in 141ms.
INFO x . x . GCInspector.java:XXX - G1 Young Generation GC in 114ms.
INFO x . x . GCInspector.java:XXX - G1 Young Generation GC in 199ms.
INFO x . x . GCInspector.java:XXX - G1 Young Generation GC in 194ms.
INFO x . x . GCInspector.java:XXX - G1 Young Generation GC in 122ms.
INFO x . x . GCInspector.java:XXX - G1 Young Generation GC in 171ms.
INFO x . x . GCInspector.java:XXX - G1 Young Generation GC in 133ms.
INFO x . x . GCInspector.java:XXX - G1 Young Generation GC in 116ms.
INFO x . x . GCInspector.java:XXX - G1 Young Generation GC in 117ms.
INFO x . x . GCInspector.java:XXX - G1 Young Generation GC in 132ms.
INFO x . x . GCInspector.java:XXX - G1 Young Generation GC in 119ms.
INFO x . x . GCInspector.java:XXX - G1 Young Generation GC in 107ms.
INFO x . x . GCInspector.java:XXX - G1 Young Generation GC in 119ms.
INFO x . x . GCInspector.java:XXX - G1 Young Generation GC in 129ms.
INFO x . x . GCInspector.java:XXX - G1 Young Generation GC in 120ms.
INFO x . x . GCInspector.java:XXX - G1 Young Generation GC in 120ms.
INFO x . x . GCInspector.java:XXX - G1 Young Generation GC in 137ms.
INFO x . x . GCInspector.java:XXX - G1 Young Generation GC in 162ms.
INFO x . x . GCInspector.java:XXX - G1 Young Generation GC in 197ms.
INFO x . x . GCInspector.java:XXX - G1 Young Generation GC in 135ms.
INFO x . x . GCInspector.java:XXX - G1 Young Generation GC in 226ms.
INFO x . x . GCInspector.java:XXX - G1 Young Generation GC in 169ms.
INFO x . x . GCInspector.java:XXX - G1 Young Generation GC in 117ms.
INFO x . x . GCInspector.java:XXX - G1 Young Generation GC in 109ms.
INFO x . x . GCInspector.java:XXX - G1 Young Generation GC in 104ms.
INFO x . x . GCInspector.java:XXX - G1 Young Generation GC in 139ms.
INFO x . x . GCInspector.java:XXX - G1 Young Generation GC in 151ms.
INFO x . x . GCInspector.java:XXX - G1 Young Generation GC in 169ms.
INFO x . x . GCInspector.java:XXX - G1 Young Generation GC in 199ms.
INFO x . x . GCInspector.java:XXX - G1 Young Generation GC in 181ms.
INFO x . x . GCInspector.java:XXX - G1 Young Generation GC in 109ms.
INFO x . x . GCInspector.java:XXX - G1 Young Generation GC in 171ms.
INFO x . x . GCInspector.java:XXX - G1 Young Generation GC in 158ms.
INFO x . x . GCInspector.java:XXX - G1 Young Generation GC in 121ms.
INFO x . x . GCInspector.java:XXX - G1 Young Generation GC in 122ms.
INFO x . x . GCInspector.java:XXX - G1 Young Generation GC in 148ms.
INFO x . x . GCInspector.java:XXX - G1 Young Generation GC in 148ms.
INFO x . x . GCInspector.java:XXX - G1 Young Generation GC in 105ms.
INFO x . x . GCInspector.java:XXX - G1 Young Generation GC in 107ms.
INFO x . x . GCInspector.java:XXX - G1 Young Generation GC in 108ms.
INFO x . x . GCInspector.java:XXX - G1 Young Generation GC in 130ms.
INFO x . x . GCInspector.java:XXX - G1 Young Generation GC in 110ms.
INFO x . x . GCInspector.java:XXX - G1 Young Generation GC in 160ms.
INFO x . x . GCInspector.java:XXX - G1 Young Generation GC in 146ms.
INFO x . x . GCInspector.java:XXX - G1 Young Generation GC in 135ms.
INFO x . x . GCInspector.java:XXX - G1 Young Generation GC in 119ms.
INFO x . x . GCInspector.java:XXX - G1 Young Generation GC in 161ms.
INFO x . x . GCInspector.java:XXX - G1 Young Generation GC in 150ms.
INFO x . x . GCInspector.java:XXX - G1 Young Generation GC in 164ms.
INFO x . x . GCInspector.java:XXX - G1 Young Generation GC in 138ms.
INFO x . x . GCInspector.java:XXX - G1 Young Generation GC in 160ms.
INFO x . x . GCInspector.java:XXX - G1 Young Generation GC in 105ms.
INFO x . x . GCInspector.java:XXX - G1 Young Generation GC in 107ms.
INFO x . x . GCInspector.java:XXX - G1 Young Generation GC in 108ms.
INFO x . x . GCInspector.java:XXX - G1 Young Generation GC in 125ms.
INFO x . x . GCInspector.java:XXX - G1 Young Generation GC in 178ms.
INFO x . x . GCInspector.java:XXX - G1 Young Generation GC in 184ms.
INFO x . x . GCInspector.java:XXX - G1 Young Generation GC in 192ms.
INFO x . x . GCInspector.java:XXX - G1 Young Generation GC in 172ms.
INFO x . x . GCInspector.java:XXX - G1 Young Generation GC in 113ms.
INFO x . x . GCInspector.java:XXX - G1 Young Generation GC in 110ms.
INFO x . x . GCInspector.java:XXX - G1 Young Generation GC in 111ms.
INFO x . x . GCInspector.java:XXX - G1 Young Generation GC in 135ms.
INFO x . x . GCInspector.java:XXX - G1 Young Generation GC in 101ms.
INFO x . x . GCInspector.java:XXX - G1 Young Generation GC in 176ms.
INFO x . x . GCInspector.java:XXX - G1 Young Generation GC in 143ms.
INFO x . x . GCInspector.java:XXX - G1 Young Generation GC in 198ms.
INFO x . x . GCInspector.java:XXX - G1 Young Generation GC in 168ms.
INFO x . x . GCInspector.java:XXX - G1 Young Generation GC in 112ms.
INFO x . x . GCInspector.java:XXX - G1 Young Generation GC in 136ms.
INFO x . x . GCInspector.java:XXX - G1 Young Generation GC in 180ms.
INFO x . x . GCInspector.java:XXX - G1 Young Generation GC in 138ms.
INFO x . x . GCInspector.java:XXX - G1 Young Generation GC in 162ms.
INFO x . x . GCInspector.java:XXX - G1 Young Generation GC in 163ms.
INFO x . x . GCInspector.java:XXX - G1 Young Generation GC in 123ms.
INFO x . x . GCInspector.java:XXX - G1 Young Generation GC in 124ms.
INFO x . x . GCInspector.java:XXX - G1 Young Generation GC in 142ms.
INFO x . x . GCInspector.java:XXX - G1 Young Generation GC in 134ms.
INFO x . x . GCInspector.java:XXX - G1 Young Generation GC in 121ms.
INFO x . x . GCInspector.java:XXX - G1 Young Generation GC in 174ms.
